<?php return array (
  0 => 'Symfony\\Bundle\\FrameworkBundle\\Controller\\AbstractController',
  1 => 'App\\Controller\\AdminController',
  2 => 'App\\Controller\\ApprenantController',
  3 => 'App\\Controller\\FormateurController',
  4 => 'App\\Controller\\GroupecompetenceController',
  5 => 'App\\Controller\\UserController',
  6 => 'App\\Entity\\Apprenant',
  7 => 'App\\Entity\\Competence',
  8 => 'App\\Entity\\Formateur',
  9 => 'App\\Entity\\Groupe',
  10 => 'App\\Entity\\Groupecompetence',
  11 => 'App\\Entity\\Groupetag',
  12 => 'App\\Entity\\Niveau',
  13 => 'App\\Entity\\Profil',
  14 => 'App\\Entity\\Profilsortie',
  15 => 'App\\Entity\\Promo',
  16 => 'App\\Entity\\Referentiel',
  17 => 'App\\Entity\\Tag',
  18 => 'App\\Entity\\User',
  19 => 'Doctrine\\Bundle\\DoctrineBundle\\Controller\\ProfilerController',
  20 => 'Doctrine\\ORM\\Cache\\Persister\\Entity\\AbstractEntityPersister',
  21 => 'Doctrine\\ORM\\Cache\\Persister\\Entity\\CachedEntityPersister',
  22 => 'Doctrine\\ORM\\Cache\\Persister\\Entity\\NonStrictReadWriteCachedEntityPersister',
  23 => 'Doctrine\\ORM\\Cache\\Persister\\Entity\\ReadOnlyCachedEntityPersister',
  24 => 'Doctrine\\ORM\\Cache\\Persister\\Entity\\ReadWriteCachedEntityPersister',
  25 => 'Doctrine\\ORM\\Persisters\\Entity\\AbstractEntityInheritancePersister',
  26 => 'Doctrine\\ORM\\Persisters\\Entity\\BasicEntityPersister',
  27 => 'Doctrine\\ORM\\Persisters\\Entity\\CachedPersisterContext',
  28 => 'Doctrine\\ORM\\Persisters\\Entity\\EntityPersister',
  29 => 'Doctrine\\ORM\\Persisters\\Entity\\JoinedSubclassPersister',
  30 => 'Doctrine\\ORM\\Persisters\\Entity\\SingleTablePersister',
  32 => 'Symfony\\Bundle\\FrameworkBundle\\Controller\\ControllerResolver',
  33 => 'Symfony\\Bundle\\FrameworkBundle\\Controller\\RedirectController',
  34 => 'Symfony\\Bundle\\FrameworkBundle\\Controller\\TemplateController',
  35 => 'Symfony\\Component\\HttpKernel\\Controller\\ArgumentResolver',
  36 => 'Symfony\\Component\\HttpKernel\\Controller\\ArgumentResolverInterface',
  37 => 'Symfony\\Component\\HttpKernel\\Controller\\ArgumentResolver\\DefaultValueResolver',
  38 => 'Symfony\\Component\\HttpKernel\\Controller\\ArgumentResolver\\NotTaggedControllerValueResolver',
  39 => 'Symfony\\Component\\HttpKernel\\Controller\\ArgumentResolver\\RequestAttributeValueResolver',
  40 => 'Symfony\\Component\\HttpKernel\\Controller\\ArgumentResolver\\RequestValueResolver',
  41 => 'Symfony\\Component\\HttpKernel\\Controller\\ArgumentResolver\\ServiceValueResolver',
  42 => 'Symfony\\Component\\HttpKernel\\Controller\\ArgumentResolver\\SessionValueResolver',
  43 => 'Symfony\\Component\\HttpKernel\\Controller\\ArgumentResolver\\TraceableValueResolver',
  44 => 'Symfony\\Component\\HttpKernel\\Controller\\ArgumentResolver\\VariadicValueResolver',
  45 => 'Symfony\\Component\\HttpKernel\\Controller\\ArgumentValueResolverInterface',
  46 => 'Symfony\\Component\\HttpKernel\\Controller\\ContainerControllerResolver',
  47 => 'Symfony\\Component\\HttpKernel\\Controller\\ControllerReference',
  48 => 'Symfony\\Component\\HttpKernel\\Controller\\ControllerResolver',
  49 => 'Symfony\\Component\\HttpKernel\\Controller\\ControllerResolverInterface',
  50 => 'Symfony\\Component\\HttpKernel\\Controller\\ErrorController',
  51 => 'Symfony\\Component\\HttpKernel\\Controller\\TraceableArgumentResolver',
  52 => 'Symfony\\Component\\HttpKernel\\Controller\\TraceableControllerResolver',
  53 => 'Symfony\\Component\\Security\\Http\\Controller\\UserValueResolver',
);